Archive member included because of file (symbol)

c:/winavr-20100110/bin/../lib/gcc/avr/4.3.3/avr5\libgcc.a(_udivmodsi4.o)
                              ./MTWI_program.o (__udivmodsi4)
c:/winavr-20100110/bin/../lib/gcc/avr/4.3.3/avr5\libgcc.a(_divmodsi4.o)
                              ./HLCD_program.o (__divmodsi4)
c:/winavr-20100110/bin/../lib/gcc/avr/4.3.3/avr5\libgcc.a(_exit.o)
                              c:/winavr-20100110/bin/../lib/gcc/avr/4.3.3/../../../../avr/lib/avr5/crtm32.o (exit)
c:/winavr-20100110/bin/../lib/gcc/avr/4.3.3/avr5\libgcc.a(_copy_data.o)
                              ./HKPD_program.o (__do_copy_data)
c:/winavr-20100110/bin/../lib/gcc/avr/4.3.3/avr5\libgcc.a(_clear_bss.o)
                              ./MADC_program.o (__do_clear_bss)
c:/winavr-20100110/bin/../lib/gcc/avr/4.3.3/avr5\libgcc.a(_fixunssfsi.o)
                              ./HKPD_program.o (__fixunssfsi)
c:/winavr-20100110/bin/../lib/gcc/avr/4.3.3/avr5\libgcc.a(_addsub_sf.o)
                              ./MTIM_program.o (__subsf3)
c:/winavr-20100110/bin/../lib/gcc/avr/4.3.3/avr5\libgcc.a(_mul_sf.o)
                              ./HKPD_program.o (__mulsf3)
c:/winavr-20100110/bin/../lib/gcc/avr/4.3.3/avr5\libgcc.a(_div_sf.o)
                              ./MTIM_program.o (__divsf3)
c:/winavr-20100110/bin/../lib/gcc/avr/4.3.3/avr5\libgcc.a(_gt_sf.o)
                              ./HKPD_program.o (__gtsf2)
c:/winavr-20100110/bin/../lib/gcc/avr/4.3.3/avr5\libgcc.a(_ge_sf.o)
                              c:/winavr-20100110/bin/../lib/gcc/avr/4.3.3/avr5\libgcc.a(_fixunssfsi.o) (__gesf2)
c:/winavr-20100110/bin/../lib/gcc/avr/4.3.3/avr5\libgcc.a(_lt_sf.o)
                              ./HKPD_program.o (__ltsf2)
c:/winavr-20100110/bin/../lib/gcc/avr/4.3.3/avr5\libgcc.a(_sf_to_si.o)
                              c:/winavr-20100110/bin/../lib/gcc/avr/4.3.3/avr5\libgcc.a(_fixunssfsi.o) (__fixsfsi)
c:/winavr-20100110/bin/../lib/gcc/avr/4.3.3/avr5\libgcc.a(_thenan_sf.o)
                              c:/winavr-20100110/bin/../lib/gcc/avr/4.3.3/avr5\libgcc.a(_addsub_sf.o) (__thenan_sf)
c:/winavr-20100110/bin/../lib/gcc/avr/4.3.3/avr5\libgcc.a(_usi_to_sf.o)
                              ./MTIM_program.o (__floatunsisf)
c:/winavr-20100110/bin/../lib/gcc/avr/4.3.3/avr5\libgcc.a(_prologue.o)
                              c:/winavr-20100110/bin/../lib/gcc/avr/4.3.3/avr5\libgcc.a(_addsub_sf.o) (__prologue_saves__)
c:/winavr-20100110/bin/../lib/gcc/avr/4.3.3/avr5\libgcc.a(_epilogue.o)
                              c:/winavr-20100110/bin/../lib/gcc/avr/4.3.3/avr5\libgcc.a(_addsub_sf.o) (__epilogue_restores__)
c:/winavr-20100110/bin/../lib/gcc/avr/4.3.3/avr5\libgcc.a(_clzsi2.o)
                              c:/winavr-20100110/bin/../lib/gcc/avr/4.3.3/avr5\libgcc.a(_usi_to_sf.o) (__clzsi2)
c:/winavr-20100110/bin/../lib/gcc/avr/4.3.3/avr5\libgcc.a(_pack_sf.o)
                              c:/winavr-20100110/bin/../lib/gcc/avr/4.3.3/avr5\libgcc.a(_addsub_sf.o) (__pack_f)
c:/winavr-20100110/bin/../lib/gcc/avr/4.3.3/avr5\libgcc.a(_unpack_sf.o)
                              c:/winavr-20100110/bin/../lib/gcc/avr/4.3.3/avr5\libgcc.a(_addsub_sf.o) (__unpack_f)
c:/winavr-20100110/bin/../lib/gcc/avr/4.3.3/avr5\libgcc.a(_fpcmp_parts_sf.o)
                              c:/winavr-20100110/bin/../lib/gcc/avr/4.3.3/avr5\libgcc.a(_gt_sf.o) (__fpcmp_parts_f)
c:/winavr-20100110/bin/../lib/gcc/avr/4.3.3/avr5\libgcc.a(_clz.o)
                              c:/winavr-20100110/bin/../lib/gcc/avr/4.3.3/avr5\libgcc.a(_clzsi2.o) (__clz_tab)

Allocating common symbols
Common symbol       size              file

MTIM_u8Timer1Clock  0x1               ./MTIM_program.o
MTIM_u8Timer0Clock  0x1               ./MTIM_program.o

Memory Configuration

Name             Origin             Length             Attributes
text             0x00000000         0x00020000         xr
data             0x00800060         0x0000ffa0         rw !x
eeprom           0x00810000         0x00010000         rw !x
fuse             0x00820000         0x00000400         rw !x
lock             0x00830000         0x00000400         rw !x
signature        0x00840000         0x00000400         rw !x
*default*        0x00000000         0xffffffff

Linker script and memory map

LOAD c:/winavr-20100110/bin/../lib/gcc/avr/4.3.3/../../../../avr/lib/avr5/crtm32.o
LOAD ./HKPD_program.o
LOAD ./HLCD_program.o
LOAD ./HNVM_program.o
LOAD ./KEYPAD_program.o
LOAD ./MADC_program.o
LOAD ./MDIO_program.o
LOAD ./MGIE_program.o
LOAD ./MTIM_program.o
LOAD ./MTWI_program.o
LOAD ./MUART_program.o
LOAD ./main.o
LOAD c:/winavr-20100110/bin/../lib/gcc/avr/4.3.3/avr5\libgcc.a
LOAD c:/winavr-20100110/bin/../lib/gcc/avr/4.3.3/../../../../avr/lib/avr5\libc.a
LOAD c:/winavr-20100110/bin/../lib/gcc/avr/4.3.3/avr5\libgcc.a

.hash
 *(.hash)

.dynsym
 *(.dynsym)

.dynstr
 *(.dynstr)

.gnu.version
 *(.gnu.version)

.gnu.version_d
 *(.gnu.version_d)

.gnu.version_r
 *(.gnu.version_r)

.rel.init
 *(.rel.init)

.rela.init
 *(.rela.init)

.rel.text
 *(.rel.text)
 *(.rel.text.*)
 *(.rel.gnu.linkonce.t*)

.rela.text
 *(.rela.text)
 *(.rela.text.*)
 *(.rela.gnu.linkonce.t*)

.rel.fini
 *(.rel.fini)

.rela.fini
 *(.rela.fini)

.rel.rodata
 *(.rel.rodata)
 *(.rel.rodata.*)
 *(.rel.gnu.linkonce.r*)

.rela.rodata
 *(.rela.rodata)
 *(.rela.rodata.*)
 *(.rela.gnu.linkonce.r*)

.rel.data
 *(.rel.data)
 *(.rel.data.*)
 *(.rel.gnu.linkonce.d*)

.rela.data
 *(.rela.data)
 *(.rela.data.*)
 *(.rela.gnu.linkonce.d*)

.rel.ctors
 *(.rel.ctors)

.rela.ctors
 *(.rela.ctors)

.rel.dtors
 *(.rel.dtors)

.rela.dtors
 *(.rela.dtors)

.rel.got
 *(.rel.got)

.rela.got
 *(.rela.got)

.rel.bss
 *(.rel.bss)

.rela.bss
 *(.rela.bss)

.rel.plt
 *(.rel.plt)

.rela.plt
 *(.rela.plt)

.text           0x00000000     0x43a6
 *(.vectors)
 .vectors       0x00000000       0x54 c:/winavr-20100110/bin/../lib/gcc/avr/4.3.3/../../../../avr/lib/avr5/crtm32.o
                0x00000000                __vectors
                0x00000000                __vector_default
 *(.vectors)
 *(.progmem.gcc*)
 *(.progmem*)
                0x00000054                . = ALIGN (0x2)
                0x00000054                __trampolines_start = .
 *(.trampolines)
 .trampolines   0x00000054        0x0 linker stubs
 *(.trampolines*)
                0x00000054                __trampolines_end = .
 *(.jumptables)
 *(.jumptables*)
 *(.lowtext)
 *(.lowtext*)
                0x00000054                __ctors_start = .
 *(.ctors)
                0x00000054                __ctors_end = .
                0x00000054                __dtors_start = .
 *(.dtors)
                0x00000054                __dtors_end = .
 SORT(*)(.ctors)
 SORT(*)(.dtors)
 *(.init0)
 .init0         0x00000054        0x0 c:/winavr-20100110/bin/../lib/gcc/avr/4.3.3/../../../../avr/lib/avr5/crtm32.o
                0x00000054                __init
 *(.init0)
 *(.init1)
 *(.init1)
 *(.init2)
 .init2         0x00000054        0xc c:/winavr-20100110/bin/../lib/gcc/avr/4.3.3/../../../../avr/lib/avr5/crtm32.o
 *(.init2)
 *(.init3)
 *(.init3)
 *(.init4)
 .init4         0x00000060       0x16 c:/winavr-20100110/bin/../lib/gcc/avr/4.3.3/avr5\libgcc.a(_copy_data.o)
                0x00000060                __do_copy_data
 .init4         0x00000076       0x10 c:/winavr-20100110/bin/../lib/gcc/avr/4.3.3/avr5\libgcc.a(_clear_bss.o)
                0x00000076                __do_clear_bss
 *(.init4)
 *(.init5)
 *(.init5)
 *(.init6)
 *(.init6)
 *(.init7)
 *(.init7)
 *(.init8)
 *(.init8)
 *(.init9)
 .init9         0x00000086        0x8 c:/winavr-20100110/bin/../lib/gcc/avr/4.3.3/../../../../avr/lib/avr5/crtm32.o
 *(.init9)
 *(.text)
 .text          0x0000008e        0x4 c:/winavr-20100110/bin/../lib/gcc/avr/4.3.3/../../../../avr/lib/avr5/crtm32.o
                0x0000008e                __vector_1
                0x0000008e                __vector_12
                0x0000008e                __bad_interrupt
                0x0000008e                __vector_3
                0x0000008e                __vector_17
                0x0000008e                __vector_19
                0x0000008e                __vector_7
                0x0000008e                __vector_5
                0x0000008e                __vector_4
                0x0000008e                __vector_9
                0x0000008e                __vector_2
                0x0000008e                __vector_8
                0x0000008e                __vector_18
                0x0000008e                __vector_20
 .text          0x00000092        0x0 ./HKPD_program.o
 .text          0x00000092        0x0 ./HLCD_program.o
 .text          0x00000092        0x0 ./HNVM_program.o
 .text          0x00000092        0x0 ./KEYPAD_program.o
 .text          0x00000092        0x0 ./MADC_program.o
 .text          0x00000092        0x0 ./MDIO_program.o
 .text          0x00000092        0x0 ./MGIE_program.o
 .text          0x00000092        0x0 ./MTIM_program.o
 .text          0x00000092        0x0 ./MTWI_program.o
 .text          0x00000092        0x0 ./MUART_program.o
 .text          0x00000092        0x0 ./main.o
 .text          0x00000092        0x0 c:/winavr-20100110/bin/../lib/gcc/avr/4.3.3/avr5\libgcc.a(_udivmodsi4.o)
 .text          0x00000092        0x0 c:/winavr-20100110/bin/../lib/gcc/avr/4.3.3/avr5\libgcc.a(_divmodsi4.o)
 .text          0x00000092        0x0 c:/winavr-20100110/bin/../lib/gcc/avr/4.3.3/avr5\libgcc.a(_exit.o)
 .text          0x00000092        0x0 c:/winavr-20100110/bin/../lib/gcc/avr/4.3.3/avr5\libgcc.a(_copy_data.o)
 .text          0x00000092        0x0 c:/winavr-20100110/bin/../lib/gcc/avr/4.3.3/avr5\libgcc.a(_clear_bss.o)
 .text          0x00000092       0x58 c:/winavr-20100110/bin/../lib/gcc/avr/4.3.3/avr5\libgcc.a(_fixunssfsi.o)
                0x00000092                __fixunssfsi
 .text          0x000000ea      0x354 c:/winavr-20100110/bin/../lib/gcc/avr/4.3.3/avr5\libgcc.a(_addsub_sf.o)
                0x00000382                __subsf3
                0x000003e4                __addsf3
 .text          0x0000043e      0x1f4 c:/winavr-20100110/bin/../lib/gcc/avr/4.3.3/avr5\libgcc.a(_mul_sf.o)
                0x0000043e                __mulsf3
 .text          0x00000632      0x158 c:/winavr-20100110/bin/../lib/gcc/avr/4.3.3/avr5\libgcc.a(_div_sf.o)
                0x00000632                __divsf3
 .text          0x0000078a       0x60 c:/winavr-20100110/bin/../lib/gcc/avr/4.3.3/avr5\libgcc.a(_gt_sf.o)
                0x0000078a                __gtsf2
 .text          0x000007ea       0x60 c:/winavr-20100110/bin/../lib/gcc/avr/4.3.3/avr5\libgcc.a(_ge_sf.o)
                0x000007ea                __gesf2
 .text          0x0000084a       0x60 c:/winavr-20100110/bin/../lib/gcc/avr/4.3.3/avr5\libgcc.a(_lt_sf.o)
                0x0000084a                __ltsf2
 .text          0x000008aa       0xa8 c:/winavr-20100110/bin/../lib/gcc/avr/4.3.3/avr5\libgcc.a(_sf_to_si.o)
                0x000008aa                __fixsfsi
 .text          0x00000952        0x0 c:/winavr-20100110/bin/../lib/gcc/avr/4.3.3/avr5\libgcc.a(_thenan_sf.o)
 .text          0x00000952       0xf2 c:/winavr-20100110/bin/../lib/gcc/avr/4.3.3/avr5\libgcc.a(_usi_to_sf.o)
                0x00000952                __floatunsisf
 .text          0x00000a44        0x0 c:/winavr-20100110/bin/../lib/gcc/avr/4.3.3/avr5\libgcc.a(_prologue.o)
 .text          0x00000a44        0x0 c:/winavr-20100110/bin/../lib/gcc/avr/4.3.3/avr5\libgcc.a(_epilogue.o)
 .text          0x00000a44       0x9e c:/winavr-20100110/bin/../lib/gcc/avr/4.3.3/avr5\libgcc.a(_clzsi2.o)
                0x00000a44                __clzsi2
 .text          0x00000ae2      0x1aa c:/winavr-20100110/bin/../lib/gcc/avr/4.3.3/avr5\libgcc.a(_pack_sf.o)
                0x00000ae2                __pack_f
 .text          0x00000c8c       0xf0 c:/winavr-20100110/bin/../lib/gcc/avr/4.3.3/avr5\libgcc.a(_unpack_sf.o)
                0x00000c8c                __unpack_f
 .text          0x00000d7c       0xb2 c:/winavr-20100110/bin/../lib/gcc/avr/4.3.3/avr5\libgcc.a(_fpcmp_parts_sf.o)
                0x00000d7c                __fpcmp_parts_f
 .text          0x00000e2e        0x0 c:/winavr-20100110/bin/../lib/gcc/avr/4.3.3/avr5\libgcc.a(_clz.o)
                0x00000e2e                . = ALIGN (0x2)
 *(.text.*)
 .text.HKPD_charGetKey
                0x00000e2e      0x24a ./HKPD_program.o
                0x00000e2e                HKPD_charGetKey
 .text.HLCD_voidinit
                0x00001078       0x5e ./HLCD_program.o
                0x00001078                HLCD_voidinit
 .text.HLCD_voidSendChar
                0x000010d6       0x56 ./HLCD_program.o
                0x000010d6                HLCD_voidSendChar
 .text.HLCD_voidSendCommand
                0x0000112c       0x56 ./HLCD_program.o
                0x0000112c                HLCD_voidSendCommand
 .text.HLCD_voidSendString
                0x00001182       0x68 ./HLCD_program.o
                0x00001182                HLCD_voidSendString
 .text.HLCD_voidSendNumber
                0x000011ea      0x112 ./HLCD_program.o
                0x000011ea                HLCD_voidSendNumber
 .text.HLCD_voidGoToXY
                0x000012fc       0x3c ./HLCD_program.o
                0x000012fc                HLCD_voidGoToXY
 .text.HLCD_voidCustomChar
                0x00001338       0x6c ./HLCD_program.o
                0x00001338                HLCD_voidCustomChar
 .text.HLCD_voidSetCursor
                0x000013a4       0x36 ./HLCD_program.o
                0x000013a4                HLCD_voidSetCursor
 .text.HNVM_stderrInit
                0x000013da       0x2a ./HNVM_program.o
                0x000013da                HNVM_stderrInit
 .text.HNVM_voidWriteByte
                0x00001404      0x186 ./HNVM_program.o
                0x00001404                HNVM_voidWriteByte
 .text.HNVM_u8ReadByte
                0x0000158a      0x1bc ./HNVM_program.o
                0x0000158a                HNVM_u8ReadByte
 .text.KEYPAD_u8GetPressedKey
                0x00001746      0x1c8 ./KEYPAD_program.o
                0x00001746                KEYPAD_u8GetPressedKey
 .text.MADC_stderrInit
                0x0000190e       0x84 ./MADC_program.o
                0x0000190e                MADC_stderrInit
 .text.MADC_stderrStartConversion
                0x00001992       0x48 ./MADC_program.o
                0x00001992                MADC_stderrStartConversion
 .text.MADC_voidAdcEnable
                0x000019da       0x1c ./MADC_program.o
                0x000019da                MADC_voidAdcEnable
 .text.MADC_voidAdcDisable
                0x000019f6       0x1c ./MADC_program.o
                0x000019f6                MADC_voidAdcDisable
 .text.MADC_voidWaitFlag
                0x00001a12       0x24 ./MADC_program.o
                0x00001a12                MADC_voidWaitFlag
 .text.MADC_voidClearFlag
                0x00001a36       0x1c ./MADC_program.o
                0x00001a36                MADC_voidClearFlag
 .text.MADC_voidAdcEnableInt
                0x00001a52       0x1c ./MADC_program.o
                0x00001a52                MADC_voidAdcEnableInt
 .text.MADC_voidAdcDisableInt
                0x00001a6e       0x1c ./MADC_program.o
                0x00001a6e                MADC_voidAdcDisableInt
 .text.MADC_stderrRead
                0x00001a8a       0x54 ./MADC_program.o
                0x00001a8a                MADC_stderrRead
 .text.MADC_stderrReadAsynch
                0x00001ade       0x3a ./MADC_program.o
                0x00001ade                MADC_stderrReadAsynch
 .text.MADC_u16Reading
                0x00001b18       0x18 ./MADC_program.o
                0x00001b18                MADC_u16Reading
 .text.MADC_stderrSetCallBack
                0x00001b30       0x3a ./MADC_program.o
                0x00001b30                MADC_stderrSetCallBack
 .text.__vector_16
                0x00001b6a       0x6c ./MADC_program.o
                0x00001b6a                __vector_16
 .text.MADC_voidInit
                0x00001bd6       0x62 ./MADC_program.o
                0x00001bd6                MADC_voidInit
 .text.MADC_u8StartConversionSynch
                0x00001c38       0x78 ./MADC_program.o
                0x00001c38                MADC_u8StartConversionSynch
 .text.MDIO_StderrSetPortDirection
                0x00001cb0       0x92 ./MDIO_program.o
                0x00001cb0                MDIO_StderrSetPortDirection
 .text.MDIO_StderrSetPortValue
                0x00001d42       0x92 ./MDIO_program.o
                0x00001d42                MDIO_StderrSetPortValue
 .text.MDIO_StderrGetPortValue
                0x00001dd4       0xb4 ./MDIO_program.o
                0x00001dd4                MDIO_StderrGetPortValue
 .text.MDIO_StderrSetPinDirection
                0x00001e88      0x3ee ./MDIO_program.o
                0x00001e88                MDIO_StderrSetPinDirection
 .text.MDIO_StderrSetPinValue
                0x00002276      0x24a ./MDIO_program.o
                0x00002276                MDIO_StderrSetPinValue
 .text.MDIO_StderrTogglePinValue
                0x000024c0      0x12a ./MDIO_program.o
                0x000024c0                MDIO_StderrTogglePinValue
 .text.MDIO_StderrGetPinValue
                0x000025ea      0x126 ./MDIO_program.o
                0x000025ea                MDIO_StderrGetPinValue
 .text.DIO_u8GetPinValue
                0x00002710       0xfa ./MDIO_program.o
                0x00002710                DIO_u8GetPinValue
 .text.MGIE_voidEnable
                0x0000280a       0x1c ./MGIE_program.o
                0x0000280a                MGIE_voidEnable
 .text.MGIE_voidDisable
                0x00002826       0x1c ./MGIE_program.o
                0x00002826                MGIE_voidDisable
 .text.MTIM_stderrInit
                0x00002842      0x252 ./MTIM_program.o
                0x00002842                MTIM_stderrInit
 .text.MTIM_voidForceOutputCompare
                0x00002a94       0x1c ./MTIM_program.o
                0x00002a94                MTIM_voidForceOutputCompare
 .text.MTIM_stderrEnableInterrupt
                0x00002ab0       0x4c ./MTIM_program.o
                0x00002ab0                MTIM_stderrEnableInterrupt
 .text.MTIM_stderrDisableInterrupt
                0x00002afc       0x4e ./MTIM_program.o
                0x00002afc                MTIM_stderrDisableInterrupt
 .text.MTIM_stderrSetCallBack
                0x00002b4a       0x8c ./MTIM_program.o
                0x00002b4a                MTIM_stderrSetCallBack
 .text.MTIM_stderrStartTimer
                0x00002bd6       0x7a ./MTIM_program.o
                0x00002bd6                MTIM_stderrStartTimer
 .text.MTIM_stderrStopTimer
                0x00002c50       0x6a ./MTIM_program.o
                0x00002c50                MTIM_stderrStopTimer
 .text.MTIM_stderrSetOCR
                0x00002cba       0x6c ./MTIM_program.o
                0x00002cba                MTIM_stderrSetOCR
 .text.MTIM_stderrSetTimerValue
                0x00002d26       0x6c ./MTIM_program.o
                0x00002d26                MTIM_stderrSetTimerValue
 .text.MTIM_stderrTimerDelay
                0x00002d92      0x234 ./MTIM_program.o
                0x00002d92                MTIM_stderrTimerDelay
 .text.__vector_11
                0x00002fc6       0xa6 ./MTIM_program.o
                0x00002fc6                __vector_11
 .text.__vector_10
                0x0000306c       0x66 ./MTIM_program.o
                0x0000306c                __vector_10
 .text.__vector_6
                0x000030d2       0x66 ./MTIM_program.o
                0x000030d2                __vector_6
 .text.MTIM_voidBusyWaitDlay
                0x00003138       0x92 ./MTIM_program.o
                0x00003138                MTIM_voidBusyWaitDlay
 .text.MTIM_SetTimer1TopValue
                0x000031ca       0x24 ./MTIM_program.o
                0x000031ca                MTIM_SetTimer1TopValue
 .text.MTIM_u16GetTimerValue
                0x000031ee       0x5e ./MTIM_program.o
                0x000031ee                MTIM_u16GetTimerValue
 .text.ICU_voidSetEdge
                0x0000324c       0x3e ./MTIM_program.o
                0x0000324c                ICU_voidSetEdge
 .text.ICU_voidEnableint
                0x0000328a       0x1c ./MTIM_program.o
                0x0000328a                ICU_voidEnableint
 .text.ICU_voidDisableint
                0x000032a6       0x1c ./MTIM_program.o
                0x000032a6                ICU_voidDisableint
 .text.ICU_u16ReadICU
                0x000032c2       0x16 ./MTIM_program.o
                0x000032c2                ICU_u16ReadICU
 .text.MTWI_stderrInit
                0x000032d8      0x18c ./MTWI_program.o
                0x000032d8                MTWI_stderrInit
 .text.MTWI_voidEnable
                0x00003464       0x1c ./MTWI_program.o
                0x00003464                MTWI_voidEnable
 .text.MTWI_voidDisable
                0x00003480       0x1c ./MTWI_program.o
                0x00003480                MTWI_voidDisable
 .text.MTWI_EnableInterrupt
                0x0000349c       0x1c ./MTWI_program.o
                0x0000349c                MTWI_EnableInterrupt
 .text.MTWI_DisableInterrupt
                0x000034b8       0x1c ./MTWI_program.o
                0x000034b8                MTWI_DisableInterrupt
 .text.MTWI_stderrSetCallback
                0x000034d4       0x3a ./MTWI_program.o
                0x000034d4                MTWI_stderrSetCallback
 .text.MTWI_voidSendStartCondition
                0x0000350e       0x1c ./MTWI_program.o
                0x0000350e                MTWI_voidSendStartCondition
 .text.MTWI_voidSendStopCondition
                0x0000352a       0x1c ./MTWI_program.o
                0x0000352a                MTWI_voidSendStopCondition
 .text.MTWI_voidEnableACK
                0x00003546       0x1c ./MTWI_program.o
                0x00003546                MTWI_voidEnableACK
 .text.MTWI_voidDisableACK
                0x00003562       0x1c ./MTWI_program.o
                0x00003562                MTWI_voidDisableACK
 .text.MTWI_voidEnableGeneralCall
                0x0000357e       0x1c ./MTWI_program.o
                0x0000357e                MTWI_voidEnableGeneralCall
 .text.MTWI_voidDisableGeneralCall
                0x0000359a       0x1c ./MTWI_program.o
                0x0000359a                MTWI_voidDisableGeneralCall
 .text.MTWI_voidSetSalveAddress
                0x000035b6       0x30 ./MTWI_program.o
                0x000035b6                MTWI_voidSetSalveAddress
 .text.MTIM_twistatusCheckStatus
                0x000035e6       0x16 ./MTWI_program.o
                0x000035e6                MTIM_twistatusCheckStatus
 .text.MTWI_voidFlagPolling
                0x000035fc       0x18 ./MTWI_program.o
                0x000035fc                MTWI_voidFlagPolling
 .text.MTWI_voidClearFlag
                0x00003614       0x1e ./MTWI_program.o
                0x00003614                MTWI_voidClearFlag
 .text.MTWI_voidLoadTWDR
                0x00003632       0x1c ./MTWI_program.o
                0x00003632                MTWI_voidLoadTWDR
 .text.MTWI_charReadTWDR
                0x0000364e       0x14 ./MTWI_program.o
                0x0000364e                MTWI_charReadTWDR
 .text.MTWI_voidSendChar
                0x00003662       0x64 ./MTWI_program.o
                0x00003662                MTWI_voidSendChar
 .text.MTWI_voidSendMultipleChar
                0x000036c6       0x9c ./MTWI_program.o
                0x000036c6                MTWI_voidSendMultipleChar
 .text.MTWI_charSlaveReceive
                0x00003762       0x4e ./MTWI_program.o
                0x00003762                MTWI_charSlaveReceive
 .text.MUART_stderrInit
                0x000037b0      0x112 ./MUART_program.o
                0x000037b0                MUART_stderrInit
 .text.MUART_voidEnableTx
                0x000038c2       0x1c ./MUART_program.o
                0x000038c2                MUART_voidEnableTx
 .text.MUART_voidDisableTx
                0x000038de       0x1c ./MUART_program.o
                0x000038de                MUART_voidDisableTx
 .text.MUART_voidEnableRx
                0x000038fa       0x1c ./MUART_program.o
                0x000038fa                MUART_voidEnableRx
 .text.MUART_voidDisableRx
                0x00003916       0x1c ./MUART_program.o
                0x00003916                MUART_voidDisableRx
 .text.MUART_voidTxFlagPolling
                0x00003932       0x28 ./MUART_program.o
                0x00003932                MUART_voidTxFlagPolling
 .text.MUART_voidRxFlagPolling
                0x0000395a       0x18 ./MUART_program.o
                0x0000395a                MUART_voidRxFlagPolling
 .text.MUART_voidRUDREFlagPolling
                0x00003972       0x26 ./MUART_program.o
                0x00003972                MUART_voidRUDREFlagPolling
 .text.MUART_voidSendChar
                0x00003998       0x20 ./MUART_program.o
                0x00003998                MUART_voidSendChar
 .text.MUART_voidSendString
                0x000039b8       0x6c ./MUART_program.o
                0x000039b8                MUART_voidSendString
 .text.MUART_charReceiveChar
                0x00003a24       0x18 ./MUART_program.o
                0x00003a24                MUART_charReceiveChar
 .text.MUART_voidReceiveStringUntil
                0x00003a3c       0xa6 ./MUART_program.o
                0x00003a3c                MUART_voidReceiveStringUntil
 .text.MUART_stderrEnableInterrupt
                0x00003ae2       0x52 ./MUART_program.o
                0x00003ae2                MUART_stderrEnableInterrupt
 .text.MUART_stderrDisableInterrupt
                0x00003b34       0x54 ./MUART_program.o
                0x00003b34                MUART_stderrDisableInterrupt
 .text.MUART_stderrSetCallback
                0x00003b88       0x90 ./MUART_program.o
                0x00003b88                MUART_stderrSetCallback
 .text.__vector_13
                0x00003c18       0x66 ./MUART_program.o
                0x00003c18                __vector_13
 .text.__vector_14
                0x00003c7e       0x66 ./MUART_program.o
                0x00003c7e                __vector_14
 .text.__vector_15
                0x00003ce4       0x66 ./MUART_program.o
                0x00003ce4                __vector_15
 .text.main     0x00003d4a      0x172 ./main.o
                0x00003d4a                main
 .text.HOME_u8GetPassword
                0x00003ebc      0x108 ./main.o
                0x00003ebc                HOME_u8GetPassword
 .text.HOME_voidEditPassword
                0x00003fc4      0x10c ./main.o
                0x00003fc4                HOME_voidEditPassword
 .text.HOME_voidManualMode
                0x000040d0       0x6c ./main.o
                0x000040d0                HOME_voidManualMode
 .text.HOME_voidAutoMode
                0x0000413c       0x42 ./main.o
                0x0000413c                HOME_voidAutoMode
 .text.HOME_voidControlFan
                0x0000417e       0x64 ./main.o
                0x0000417e                HOME_voidControlFan
 .text.OPEN_FAN
                0x000041e2       0x18 ./main.o
                0x000041e2                OPEN_FAN
 .text.CLOSE_FAN
                0x000041fa       0x18 ./main.o
                0x000041fa                CLOSE_FAN
 .text.OPEN_DOOR
                0x00004212       0x54 ./main.o
                0x00004212                OPEN_DOOR
 .text.CLOSE_DOOR
                0x00004266       0x54 ./main.o
                0x00004266                CLOSE_DOOR
 .text.libgcc   0x000042ba       0x44 c:/winavr-20100110/bin/../lib/gcc/avr/4.3.3/avr5\libgcc.a(_udivmodsi4.o)
                0x000042ba                __udivmodsi4
 .text.libgcc   0x000042fe       0x36 c:/winavr-20100110/bin/../lib/gcc/avr/4.3.3/avr5\libgcc.a(_divmodsi4.o)
                0x000042fe                __divmodsi4
 .text.libgcc   0x00004334        0x0 c:/winavr-20100110/bin/../lib/gcc/avr/4.3.3/avr5\libgcc.a(_exit.o)
 .text.libgcc   0x00004334        0x0 c:/winavr-20100110/bin/../lib/gcc/avr/4.3.3/avr5\libgcc.a(_copy_data.o)
 .text.libgcc   0x00004334        0x0 c:/winavr-20100110/bin/../lib/gcc/avr/4.3.3/avr5\libgcc.a(_clear_bss.o)
 .text.libgcc   0x00004334       0x38 c:/winavr-20100110/bin/../lib/gcc/avr/4.3.3/avr5\libgcc.a(_prologue.o)
                0x00004334                __prologue_saves__
 .text.libgcc   0x0000436c       0x36 c:/winavr-20100110/bin/../lib/gcc/avr/4.3.3/avr5\libgcc.a(_epilogue.o)
                0x0000436c                __epilogue_restores__
                0x000043a2                . = ALIGN (0x2)
 *(.fini9)
 .fini9         0x000043a2        0x0 c:/winavr-20100110/bin/../lib/gcc/avr/4.3.3/avr5\libgcc.a(_exit.o)
                0x000043a2                exit
                0x000043a2                _exit
 *(.fini9)
 *(.fini8)
 *(.fini8)
 *(.fini7)
 *(.fini7)
 *(.fini6)
 *(.fini6)
 *(.fini5)
 *(.fini5)
 *(.fini4)
 *(.fini4)
 *(.fini3)
 *(.fini3)
 *(.fini2)
 *(.fini2)
 *(.fini1)
 *(.fini1)
 *(.fini0)
 .fini0         0x000043a2        0x4 c:/winavr-20100110/bin/../lib/gcc/avr/4.3.3/avr5\libgcc.a(_exit.o)
 *(.fini0)
                0x000043a6                _etext = .

.data           0x00800060      0x242 load address 0x000043a6
                0x00800060                PROVIDE (__data_start, .)
 *(.data)
 .data          0x00800060        0x0 c:/winavr-20100110/bin/../lib/gcc/avr/4.3.3/../../../../avr/lib/avr5/crtm32.o
 .data          0x00800060        0x0 ./HKPD_program.o
 .data          0x00800060        0x0 ./HLCD_program.o
 .data          0x00800060        0x0 ./HNVM_program.o
 .data          0x00800060        0x0 ./KEYPAD_program.o
 .data          0x00800060        0x0 ./MADC_program.o
 .data          0x00800060        0x0 ./MDIO_program.o
 .data          0x00800060        0x0 ./MGIE_program.o
 .data          0x00800060        0x0 ./MTIM_program.o
 .data          0x00800060        0x0 ./MTWI_program.o
 .data          0x00800060        0x0 ./MUART_program.o
 .data          0x00800060      0x110 ./main.o
 .data          0x00800170        0x0 c:/winavr-20100110/bin/../lib/gcc/avr/4.3.3/avr5\libgcc.a(_udivmodsi4.o)
 .data          0x00800170        0x0 c:/winavr-20100110/bin/../lib/gcc/avr/4.3.3/avr5\libgcc.a(_divmodsi4.o)
 .data          0x00800170        0x0 c:/winavr-20100110/bin/../lib/gcc/avr/4.3.3/avr5\libgcc.a(_exit.o)
 .data          0x00800170        0x0 c:/winavr-20100110/bin/../lib/gcc/avr/4.3.3/avr5\libgcc.a(_copy_data.o)
 .data          0x00800170        0x0 c:/winavr-20100110/bin/../lib/gcc/avr/4.3.3/avr5\libgcc.a(_clear_bss.o)
 .data          0x00800170        0x0 c:/winavr-20100110/bin/../lib/gcc/avr/4.3.3/avr5\libgcc.a(_fixunssfsi.o)
 .data          0x00800170        0x0 c:/winavr-20100110/bin/../lib/gcc/avr/4.3.3/avr5\libgcc.a(_addsub_sf.o)
 .data          0x00800170        0x0 c:/winavr-20100110/bin/../lib/gcc/avr/4.3.3/avr5\libgcc.a(_mul_sf.o)
 .data          0x00800170        0x0 c:/winavr-20100110/bin/../lib/gcc/avr/4.3.3/avr5\libgcc.a(_div_sf.o)
 .data          0x00800170        0x0 c:/winavr-20100110/bin/../lib/gcc/avr/4.3.3/avr5\libgcc.a(_gt_sf.o)
 .data          0x00800170        0x0 c:/winavr-20100110/bin/../lib/gcc/avr/4.3.3/avr5\libgcc.a(_ge_sf.o)
 .data          0x00800170        0x0 c:/winavr-20100110/bin/../lib/gcc/avr/4.3.3/avr5\libgcc.a(_lt_sf.o)
 .data          0x00800170        0x0 c:/winavr-20100110/bin/../lib/gcc/avr/4.3.3/avr5\libgcc.a(_sf_to_si.o)
 .data          0x00800170        0x8 c:/winavr-20100110/bin/../lib/gcc/avr/4.3.3/avr5\libgcc.a(_thenan_sf.o)
                0x00800170                __thenan_sf
 .data          0x00800178        0x0 c:/winavr-20100110/bin/../lib/gcc/avr/4.3.3/avr5\libgcc.a(_usi_to_sf.o)
 .data          0x00800178        0x0 c:/winavr-20100110/bin/../lib/gcc/avr/4.3.3/avr5\libgcc.a(_prologue.o)
 .data          0x00800178        0x0 c:/winavr-20100110/bin/../lib/gcc/avr/4.3.3/avr5\libgcc.a(_epilogue.o)
 .data          0x00800178        0x0 c:/winavr-20100110/bin/../lib/gcc/avr/4.3.3/avr5\libgcc.a(_clzsi2.o)
 .data          0x00800178        0x0 c:/winavr-20100110/bin/../lib/gcc/avr/4.3.3/avr5\libgcc.a(_pack_sf.o)
 .data          0x00800178        0x0 c:/winavr-20100110/bin/../lib/gcc/avr/4.3.3/avr5\libgcc.a(_unpack_sf.o)
 .data          0x00800178        0x0 c:/winavr-20100110/bin/../lib/gcc/avr/4.3.3/avr5\libgcc.a(_fpcmp_parts_sf.o)
 .data          0x00800178      0x100 c:/winavr-20100110/bin/../lib/gcc/avr/4.3.3/avr5\libgcc.a(_clz.o)
                0x00800178                __clz_tab
 *(.data*)
 .data.HKPD_charKeypad
                0x00800278       0x10 ./HKPD_program.o
                0x00800278                HKPD_charKeypad
 .data.Local_u8KEYPADArr.1299
                0x00800288       0x10 ./KEYPAD_program.o
 .data.Local_u8rowArr.1298
                0x00800298        0x4 ./KEYPAD_program.o
 .data.Local_u8colArr.1297
                0x0080029c        0x4 ./KEYPAD_program.o
 .data.MADC_State
                0x008002a0        0x1 ./MADC_program.o
 *(.rodata)
 *(.rodata*)
 *(.gnu.linkonce.d*)
                0x008002a2                . = ALIGN (0x2)
 *fill*         0x008002a1        0x1 00
                0x008002a2                _edata = .
                0x008002a2                PROVIDE (__data_end, .)

.bss            0x008002a2       0x17
                0x008002a2                PROVIDE (__bss_start, .)
 *(.bss)
 .bss           0x008002a2        0x0 c:/winavr-20100110/bin/../lib/gcc/avr/4.3.3/../../../../avr/lib/avr5/crtm32.o
 .bss           0x008002a2        0x0 ./HKPD_program.o
 .bss           0x008002a2        0x0 ./HLCD_program.o
 .bss           0x008002a2        0x0 ./HNVM_program.o
 .bss           0x008002a2        0x0 ./KEYPAD_program.o
 .bss           0x008002a2        0x0 ./MADC_program.o
 .bss           0x008002a2        0x0 ./MDIO_program.o
 .bss           0x008002a2        0x0 ./MGIE_program.o
 .bss           0x008002a2        0x0 ./MTIM_program.o
 .bss           0x008002a2        0x0 ./MTWI_program.o
 .bss           0x008002a2        0x0 ./MUART_program.o
 .bss           0x008002a2        0x0 ./main.o
 .bss           0x008002a2        0x0 c:/winavr-20100110/bin/../lib/gcc/avr/4.3.3/avr5\libgcc.a(_udivmodsi4.o)
 .bss           0x008002a2        0x0 c:/winavr-20100110/bin/../lib/gcc/avr/4.3.3/avr5\libgcc.a(_divmodsi4.o)
 .bss           0x008002a2        0x0 c:/winavr-20100110/bin/../lib/gcc/avr/4.3.3/avr5\libgcc.a(_exit.o)
 .bss           0x008002a2        0x0 c:/winavr-20100110/bin/../lib/gcc/avr/4.3.3/avr5\libgcc.a(_copy_data.o)
 .bss           0x008002a2        0x0 c:/winavr-20100110/bin/../lib/gcc/avr/4.3.3/avr5\libgcc.a(_clear_bss.o)
 .bss           0x008002a2        0x0 c:/winavr-20100110/bin/../lib/gcc/avr/4.3.3/avr5\libgcc.a(_fixunssfsi.o)
 .bss           0x008002a2        0x0 c:/winavr-20100110/bin/../lib/gcc/avr/4.3.3/avr5\libgcc.a(_addsub_sf.o)
 .bss           0x008002a2        0x0 c:/winavr-20100110/bin/../lib/gcc/avr/4.3.3/avr5\libgcc.a(_mul_sf.o)
 .bss           0x008002a2        0x0 c:/winavr-20100110/bin/../lib/gcc/avr/4.3.3/avr5\libgcc.a(_div_sf.o)
 .bss           0x008002a2        0x0 c:/winavr-20100110/bin/../lib/gcc/avr/4.3.3/avr5\libgcc.a(_gt_sf.o)
 .bss           0x008002a2        0x0 c:/winavr-20100110/bin/../lib/gcc/avr/4.3.3/avr5\libgcc.a(_ge_sf.o)
 .bss           0x008002a2        0x0 c:/winavr-20100110/bin/../lib/gcc/avr/4.3.3/avr5\libgcc.a(_lt_sf.o)
 .bss           0x008002a2        0x0 c:/winavr-20100110/bin/../lib/gcc/avr/4.3.3/avr5\libgcc.a(_sf_to_si.o)
 .bss           0x008002a2        0x0 c:/winavr-20100110/bin/../lib/gcc/avr/4.3.3/avr5\libgcc.a(_thenan_sf.o)
 .bss           0x008002a2        0x0 c:/winavr-20100110/bin/../lib/gcc/avr/4.3.3/avr5\libgcc.a(_usi_to_sf.o)
 .bss           0x008002a2        0x0 c:/winavr-20100110/bin/../lib/gcc/avr/4.3.3/avr5\libgcc.a(_prologue.o)
 .bss           0x008002a2        0x0 c:/winavr-20100110/bin/../lib/gcc/avr/4.3.3/avr5\libgcc.a(_epilogue.o)
 .bss           0x008002a2        0x0 c:/winavr-20100110/bin/../lib/gcc/avr/4.3.3/avr5\libgcc.a(_clzsi2.o)
 .bss           0x008002a2        0x0 c:/winavr-20100110/bin/../lib/gcc/avr/4.3.3/avr5\libgcc.a(_pack_sf.o)
 .bss           0x008002a2        0x0 c:/winavr-20100110/bin/../lib/gcc/avr/4.3.3/avr5\libgcc.a(_unpack_sf.o)
 .bss           0x008002a2        0x0 c:/winavr-20100110/bin/../lib/gcc/avr/4.3.3/avr5\libgcc.a(_fpcmp_parts_sf.o)
 .bss           0x008002a2        0x0 c:/winavr-20100110/bin/../lib/gcc/avr/4.3.3/avr5\libgcc.a(_clz.o)
 *(.bss*)
 .bss.MADC_pvoidfIntFunc
                0x008002a2        0x2 ./MADC_program.o
 .bss.MTIMER0_pvoidfUserFunctionT0OVF
                0x008002a4        0x2 ./MTIM_program.o
                0x008002a4                MTIMER0_pvoidfUserFunctionT0OVF
 .bss.MTIMER0_pvoidfUserFunctionT0OCM
                0x008002a6        0x2 ./MTIM_program.o
                0x008002a6                MTIMER0_pvoidfUserFunctionT0OCM
 .bss.MTIMER1_pvoidfUserFunctionT1ICU
                0x008002a8        0x2 ./MTIM_program.o
                0x008002a8                MTIMER1_pvoidfUserFunctionT1ICU
 .bss.L_u16OVFCounter.1567
                0x008002aa        0x2 ./MTIM_program.o
 .bss.MTIM_u16Timer0OVFCount
                0x008002ac        0x2 ./MTIM_program.o
 .bss.MTIM_u8Timer0Preload
                0x008002ae        0x1 ./MTIM_program.o
 .bss.MTWI_pvoidfUserfunction
                0x008002af        0x2 ./MTWI_program.o
 .bss.MUART_pvoidfUserFunctionRxC
                0x008002b1        0x2 ./MUART_program.o
 .bss.MUART_pvoidfUserFunctionTxC
                0x008002b3        0x2 ./MUART_program.o
 .bss.MUART_pvoidfUserFunctionUDREmpty
                0x008002b5        0x2 ./MUART_program.o
 *(COMMON)
 COMMON         0x008002b7        0x2 ./MTIM_program.o
                0x008002b7                MTIM_u8Timer1Clock
                0x008002b8                MTIM_u8Timer0Clock
                0x008002b9                PROVIDE (__bss_end, .)
                0x000043a6                __data_load_start = LOADADDR (.data)
                0x000045e8                __data_load_end = (__data_load_start + SIZEOF (.data))

.noinit         0x008002b9        0x0
                0x008002b9                PROVIDE (__noinit_start, .)
 *(.noinit*)
                0x008002b9                PROVIDE (__noinit_end, .)
                0x008002b9                _end = .
                0x008002b9                PROVIDE (__heap_start, .)

.eeprom         0x00810000        0x0
 *(.eeprom*)
                0x00810000                __eeprom_end = .

.fuse
 *(.fuse)
 *(.lfuse)
 *(.hfuse)
 *(.efuse)

.lock
 *(.lock*)

.signature
 *(.signature*)

.stab           0x00000000     0x4d04
 *(.stab)
 .stab          0x00000000      0x558 ./HKPD_program.o
 .stab          0x00000558      0x5e8 ./HLCD_program.o
                                0x804 (size before relaxing)
 .stab          0x00000b40      0x63c ./HNVM_program.o
                                0x858 (size before relaxing)
 .stab          0x0000117c      0x2f4 ./KEYPAD_program.o
                                0x510 (size before relaxing)
 .stab          0x00001470      0x6cc ./MADC_program.o
                                0x75c (size before relaxing)
 .stab          0x00001b3c      0x8c4 ./MDIO_program.o
                                0x954 (size before relaxing)
 .stab          0x00002400      0x144 ./MGIE_program.o
                                0x1d4 (size before relaxing)
 .stab          0x00002544      0xca8 ./MTIM_program.o
                                0xd38 (size before relaxing)
 .stab          0x000031ec      0x840 ./MTWI_program.o
                                0x8f4 (size before relaxing)
 .stab          0x00003a2c      0x7b0 ./MUART_program.o
                                0x840 (size before relaxing)
 .stab          0x000041dc      0xb28 ./main.o
                                0xbb8 (size before relaxing)

.stabstr        0x00000000     0x227e
 *(.stabstr)
 .stabstr       0x00000000     0x227e ./HKPD_program.o

.stab.excl
 *(.stab.excl)

.stab.exclstr
 *(.stab.exclstr)

.stab.index
 *(.stab.index)

.stab.indexstr
 *(.stab.indexstr)

.comment
 *(.comment)

.debug
 *(.debug)

.line
 *(.line)

.debug_srcinfo
 *(.debug_srcinfo)

.debug_sfnames
 *(.debug_sfnames)

.debug_aranges  0x00000000      0x1a0
 *(.debug_aranges)
 .debug_aranges
                0x00000000       0x20 c:/winavr-20100110/bin/../lib/gcc/avr/4.3.3/avr5\libgcc.a(_fixunssfsi.o)
 .debug_aranges
                0x00000020       0x20 c:/winavr-20100110/bin/../lib/gcc/avr/4.3.3/avr5\libgcc.a(_addsub_sf.o)
 .debug_aranges
                0x00000040       0x20 c:/winavr-20100110/bin/../lib/gcc/avr/4.3.3/avr5\libgcc.a(_mul_sf.o)
 .debug_aranges
                0x00000060       0x20 c:/winavr-20100110/bin/../lib/gcc/avr/4.3.3/avr5\libgcc.a(_div_sf.o)
 .debug_aranges
                0x00000080       0x20 c:/winavr-20100110/bin/../lib/gcc/avr/4.3.3/avr5\libgcc.a(_gt_sf.o)
 .debug_aranges
                0x000000a0       0x20 c:/winavr-20100110/bin/../lib/gcc/avr/4.3.3/avr5\libgcc.a(_ge_sf.o)
 .debug_aranges
                0x000000c0       0x20 c:/winavr-20100110/bin/../lib/gcc/avr/4.3.3/avr5\libgcc.a(_lt_sf.o)
 .debug_aranges
                0x000000e0       0x20 c:/winavr-20100110/bin/../lib/gcc/avr/4.3.3/avr5\libgcc.a(_sf_to_si.o)
 .debug_aranges
                0x00000100       0x20 c:/winavr-20100110/bin/../lib/gcc/avr/4.3.3/avr5\libgcc.a(_usi_to_sf.o)
 .debug_aranges
                0x00000120       0x20 c:/winavr-20100110/bin/../lib/gcc/avr/4.3.3/avr5\libgcc.a(_clzsi2.o)
 .debug_aranges
                0x00000140       0x20 c:/winavr-20100110/bin/../lib/gcc/avr/4.3.3/avr5\libgcc.a(_pack_sf.o)
 .debug_aranges
                0x00000160       0x20 c:/winavr-20100110/bin/../lib/gcc/avr/4.3.3/avr5\libgcc.a(_unpack_sf.o)
 .debug_aranges
                0x00000180       0x20 c:/winavr-20100110/bin/../lib/gcc/avr/4.3.3/avr5\libgcc.a(_fpcmp_parts_sf.o)

.debug_pubnames
                0x00000000      0x1f2
 *(.debug_pubnames)
 .debug_pubnames
                0x00000000       0x23 c:/winavr-20100110/bin/../lib/gcc/avr/4.3.3/avr5\libgcc.a(_fixunssfsi.o)
 .debug_pubnames
                0x00000023       0x2c c:/winavr-20100110/bin/../lib/gcc/avr/4.3.3/avr5\libgcc.a(_addsub_sf.o)
 .debug_pubnames
                0x0000004f       0x1f c:/winavr-20100110/bin/../lib/gcc/avr/4.3.3/avr5\libgcc.a(_mul_sf.o)
 .debug_pubnames
                0x0000006e       0x1f c:/winavr-20100110/bin/../lib/gcc/avr/4.3.3/avr5\libgcc.a(_div_sf.o)
 .debug_pubnames
                0x0000008d       0x1e c:/winavr-20100110/bin/../lib/gcc/avr/4.3.3/avr5\libgcc.a(_gt_sf.o)
 .debug_pubnames
                0x000000ab       0x1e c:/winavr-20100110/bin/../lib/gcc/avr/4.3.3/avr5\libgcc.a(_ge_sf.o)
 .debug_pubnames
                0x000000c9       0x1e c:/winavr-20100110/bin/../lib/gcc/avr/4.3.3/avr5\libgcc.a(_lt_sf.o)
 .debug_pubnames
                0x000000e7       0x20 c:/winavr-20100110/bin/../lib/gcc/avr/4.3.3/avr5\libgcc.a(_sf_to_si.o)
 .debug_pubnames
                0x00000107       0x22 c:/winavr-20100110/bin/../lib/gcc/avr/4.3.3/avr5\libgcc.a(_thenan_sf.o)
 .debug_pubnames
                0x00000129       0x24 c:/winavr-20100110/bin/../lib/gcc/avr/4.3.3/avr5\libgcc.a(_usi_to_sf.o)
 .debug_pubnames
                0x0000014d       0x1f c:/winavr-20100110/bin/../lib/gcc/avr/4.3.3/avr5\libgcc.a(_clzsi2.o)
 .debug_pubnames
                0x0000016c       0x1f c:/winavr-20100110/bin/../lib/gcc/avr/4.3.3/avr5\libgcc.a(_pack_sf.o)
 .debug_pubnames
                0x0000018b       0x21 c:/winavr-20100110/bin/../lib/gcc/avr/4.3.3/avr5\libgcc.a(_unpack_sf.o)
 .debug_pubnames
                0x000001ac       0x26 c:/winavr-20100110/bin/../lib/gcc/avr/4.3.3/avr5\libgcc.a(_fpcmp_parts_sf.o)
 .debug_pubnames
                0x000001d2       0x20 c:/winavr-20100110/bin/../lib/gcc/avr/4.3.3/avr5\libgcc.a(_clz.o)

.debug_info     0x00000000     0x240b
 *(.debug_info)
 .debug_info    0x00000000       0xb1 c:/winavr-20100110/bin/../lib/gcc/avr/4.3.3/avr5\libgcc.a(_fixunssfsi.o)
 .debug_info    0x000000b1      0x47a c:/winavr-20100110/bin/../lib/gcc/avr/4.3.3/avr5\libgcc.a(_addsub_sf.o)
 .debug_info    0x0000052b      0x485 c:/winavr-20100110/bin/../lib/gcc/avr/4.3.3/avr5\libgcc.a(_mul_sf.o)
 .debug_info    0x000009b0      0x3fc c:/winavr-20100110/bin/../lib/gcc/avr/4.3.3/avr5\libgcc.a(_div_sf.o)
 .debug_info    0x00000dac      0x27f c:/winavr-20100110/bin/../lib/gcc/avr/4.3.3/avr5\libgcc.a(_gt_sf.o)
 .debug_info    0x0000102b      0x27f c:/winavr-20100110/bin/../lib/gcc/avr/4.3.3/avr5\libgcc.a(_ge_sf.o)
 .debug_info    0x000012aa      0x27f c:/winavr-20100110/bin/../lib/gcc/avr/4.3.3/avr5\libgcc.a(_lt_sf.o)
 .debug_info    0x00001529      0x2b0 c:/winavr-20100110/bin/../lib/gcc/avr/4.3.3/avr5\libgcc.a(_sf_to_si.o)
 .debug_info    0x000017d9      0x12c c:/winavr-20100110/bin/../lib/gcc/avr/4.3.3/avr5\libgcc.a(_thenan_sf.o)
 .debug_info    0x00001905      0x206 c:/winavr-20100110/bin/../lib/gcc/avr/4.3.3/avr5\libgcc.a(_usi_to_sf.o)
 .debug_info    0x00001b0b      0x117 c:/winavr-20100110/bin/../lib/gcc/avr/4.3.3/avr5\libgcc.a(_clzsi2.o)
 .debug_info    0x00001c22      0x2df c:/winavr-20100110/bin/../lib/gcc/avr/4.3.3/avr5\libgcc.a(_pack_sf.o)
 .debug_info    0x00001f01      0x251 c:/winavr-20100110/bin/../lib/gcc/avr/4.3.3/avr5\libgcc.a(_unpack_sf.o)
 .debug_info    0x00002152      0x210 c:/winavr-20100110/bin/../lib/gcc/avr/4.3.3/avr5\libgcc.a(_fpcmp_parts_sf.o)
 .debug_info    0x00002362       0xa9 c:/winavr-20100110/bin/../lib/gcc/avr/4.3.3/avr5\libgcc.a(_clz.o)
 *(.gnu.linkonce.wi.*)

.debug_abbrev   0x00000000     0x1386
 *(.debug_abbrev)
 .debug_abbrev  0x00000000       0x5d c:/winavr-20100110/bin/../lib/gcc/avr/4.3.3/avr5\libgcc.a(_fixunssfsi.o)
 .debug_abbrev  0x0000005d      0x1ea c:/winavr-20100110/bin/../lib/gcc/avr/4.3.3/avr5\libgcc.a(_addsub_sf.o)
 .debug_abbrev  0x00000247      0x21b c:/winavr-20100110/bin/../lib/gcc/avr/4.3.3/avr5\libgcc.a(_mul_sf.o)
 .debug_abbrev  0x00000462      0x216 c:/winavr-20100110/bin/../lib/gcc/avr/4.3.3/avr5\libgcc.a(_div_sf.o)
 .debug_abbrev  0x00000678      0x15a c:/winavr-20100110/bin/../lib/gcc/avr/4.3.3/avr5\libgcc.a(_gt_sf.o)
 .debug_abbrev  0x000007d2      0x15a c:/winavr-20100110/bin/../lib/gcc/avr/4.3.3/avr5\libgcc.a(_ge_sf.o)
 .debug_abbrev  0x0000092c      0x15a c:/winavr-20100110/bin/../lib/gcc/avr/4.3.3/avr5\libgcc.a(_lt_sf.o)
 .debug_abbrev  0x00000a86      0x17f c:/winavr-20100110/bin/../lib/gcc/avr/4.3.3/avr5\libgcc.a(_sf_to_si.o)
 .debug_abbrev  0x00000c05       0xad c:/winavr-20100110/bin/../lib/gcc/avr/4.3.3/avr5\libgcc.a(_thenan_sf.o)
 .debug_abbrev  0x00000cb2      0x157 c:/winavr-20100110/bin/../lib/gcc/avr/4.3.3/avr5\libgcc.a(_usi_to_sf.o)
 .debug_abbrev  0x00000e09       0xc4 c:/winavr-20100110/bin/../lib/gcc/avr/4.3.3/avr5\libgcc.a(_clzsi2.o)
 .debug_abbrev  0x00000ecd      0x1c0 c:/winavr-20100110/bin/../lib/gcc/avr/4.3.3/avr5\libgcc.a(_pack_sf.o)
 .debug_abbrev  0x0000108d      0x154 c:/winavr-20100110/bin/../lib/gcc/avr/4.3.3/avr5\libgcc.a(_unpack_sf.o)
 .debug_abbrev  0x000011e1      0x13b c:/winavr-20100110/bin/../lib/gcc/avr/4.3.3/avr5\libgcc.a(_fpcmp_parts_sf.o)
 .debug_abbrev  0x0000131c       0x6a c:/winavr-20100110/bin/../lib/gcc/avr/4.3.3/avr5\libgcc.a(_clz.o)

.debug_line     0x00000000     0x11d6
 *(.debug_line)
 .debug_line    0x00000000       0xa7 c:/winavr-20100110/bin/../lib/gcc/avr/4.3.3/avr5\libgcc.a(_fixunssfsi.o)
 .debug_line    0x000000a7      0x2af c:/winavr-20100110/bin/../lib/gcc/avr/4.3.3/avr5\libgcc.a(_addsub_sf.o)
 .debug_line    0x00000356      0x239 c:/winavr-20100110/bin/../lib/gcc/avr/4.3.3/avr5\libgcc.a(_mul_sf.o)
 .debug_line    0x0000058f      0x1d5 c:/winavr-20100110/bin/../lib/gcc/avr/4.3.3/avr5\libgcc.a(_div_sf.o)
 .debug_line    0x00000764       0xd3 c:/winavr-20100110/bin/../lib/gcc/avr/4.3.3/avr5\libgcc.a(_gt_sf.o)
 .debug_line    0x00000837       0xd3 c:/winavr-20100110/bin/../lib/gcc/avr/4.3.3/avr5\libgcc.a(_ge_sf.o)
 .debug_line    0x0000090a       0xd3 c:/winavr-20100110/bin/../lib/gcc/avr/4.3.3/avr5\libgcc.a(_lt_sf.o)
 .debug_line    0x000009dd      0x109 c:/winavr-20100110/bin/../lib/gcc/avr/4.3.3/avr5\libgcc.a(_sf_to_si.o)
 .debug_line    0x00000ae6       0x90 c:/winavr-20100110/bin/../lib/gcc/avr/4.3.3/avr5\libgcc.a(_thenan_sf.o)
 .debug_line    0x00000b76      0x133 c:/winavr-20100110/bin/../lib/gcc/avr/4.3.3/avr5\libgcc.a(_usi_to_sf.o)
 .debug_line    0x00000ca9       0xa5 c:/winavr-20100110/bin/../lib/gcc/avr/4.3.3/avr5\libgcc.a(_clzsi2.o)
 .debug_line    0x00000d4e      0x18a c:/winavr-20100110/bin/../lib/gcc/avr/4.3.3/avr5\libgcc.a(_pack_sf.o)
 .debug_line    0x00000ed8      0x14b c:/winavr-20100110/bin/../lib/gcc/avr/4.3.3/avr5\libgcc.a(_unpack_sf.o)
 .debug_line    0x00001023      0x137 c:/winavr-20100110/bin/../lib/gcc/avr/4.3.3/avr5\libgcc.a(_fpcmp_parts_sf.o)
 .debug_line    0x0000115a       0x7c c:/winavr-20100110/bin/../lib/gcc/avr/4.3.3/avr5\libgcc.a(_clz.o)

.debug_frame    0x00000000      0x1c0
 *(.debug_frame)
 .debug_frame   0x00000000       0x20 c:/winavr-20100110/bin/../lib/gcc/avr/4.3.3/avr5\libgcc.a(_fixunssfsi.o)
 .debug_frame   0x00000020       0x40 c:/winavr-20100110/bin/../lib/gcc/avr/4.3.3/avr5\libgcc.a(_addsub_sf.o)
 .debug_frame   0x00000060       0x20 c:/winavr-20100110/bin/../lib/gcc/avr/4.3.3/avr5\libgcc.a(_mul_sf.o)
 .debug_frame   0x00000080       0x20 c:/winavr-20100110/bin/../lib/gcc/avr/4.3.3/avr5\libgcc.a(_div_sf.o)
 .debug_frame   0x000000a0       0x20 c:/winavr-20100110/bin/../lib/gcc/avr/4.3.3/avr5\libgcc.a(_gt_sf.o)
 .debug_frame   0x000000c0       0x20 c:/winavr-20100110/bin/../lib/gcc/avr/4.3.3/avr5\libgcc.a(_ge_sf.o)
 .debug_frame   0x000000e0       0x20 c:/winavr-20100110/bin/../lib/gcc/avr/4.3.3/avr5\libgcc.a(_lt_sf.o)
 .debug_frame   0x00000100       0x20 c:/winavr-20100110/bin/../lib/gcc/avr/4.3.3/avr5\libgcc.a(_sf_to_si.o)
 .debug_frame   0x00000120       0x20 c:/winavr-20100110/bin/../lib/gcc/avr/4.3.3/avr5\libgcc.a(_usi_to_sf.o)
 .debug_frame   0x00000140       0x20 c:/winavr-20100110/bin/../lib/gcc/avr/4.3.3/avr5\libgcc.a(_clzsi2.o)
 .debug_frame   0x00000160       0x20 c:/winavr-20100110/bin/../lib/gcc/avr/4.3.3/avr5\libgcc.a(_pack_sf.o)
 .debug_frame   0x00000180       0x20 c:/winavr-20100110/bin/../lib/gcc/avr/4.3.3/avr5\libgcc.a(_unpack_sf.o)
 .debug_frame   0x000001a0       0x20 c:/winavr-20100110/bin/../lib/gcc/avr/4.3.3/avr5\libgcc.a(_fpcmp_parts_sf.o)

.debug_str      0x00000000      0x2f6
 *(.debug_str)
 .debug_str     0x00000000       0xbf c:/winavr-20100110/bin/../lib/gcc/avr/4.3.3/avr5\libgcc.a(_fixunssfsi.o)
                                 0xfe (size before relaxing)
 .debug_str     0x000000bf      0x14d c:/winavr-20100110/bin/../lib/gcc/avr/4.3.3/avr5\libgcc.a(_addsub_sf.o)
                                0x206 (size before relaxing)
 .debug_str     0x0000020c       0x27 c:/winavr-20100110/bin/../lib/gcc/avr/4.3.3/avr5\libgcc.a(_mul_sf.o)
                                0x1bf (size before relaxing)
 .debug_str     0x00000233       0x35 c:/winavr-20100110/bin/../lib/gcc/avr/4.3.3/avr5\libgcc.a(_div_sf.o)
                                0x1c8 (size before relaxing)
 .debug_str     0x00000268        0x8 c:/winavr-20100110/bin/../lib/gcc/avr/4.3.3/avr5\libgcc.a(_gt_sf.o)
                                0x195 (size before relaxing)
 .debug_str     0x00000270        0x8 c:/winavr-20100110/bin/../lib/gcc/avr/4.3.3/avr5\libgcc.a(_ge_sf.o)
                                0x195 (size before relaxing)
 .debug_str     0x00000278        0x8 c:/winavr-20100110/bin/../lib/gcc/avr/4.3.3/avr5\libgcc.a(_lt_sf.o)
                                0x195 (size before relaxing)
 .debug_str     0x00000280        0xa c:/winavr-20100110/bin/../lib/gcc/avr/4.3.3/avr5\libgcc.a(_sf_to_si.o)
                                0x19e (size before relaxing)
 .debug_str     0x00000000      0x103 c:/winavr-20100110/bin/../lib/gcc/avr/4.3.3/avr5\libgcc.a(_thenan_sf.o)
 .debug_str     0x0000028a       0x21 c:/winavr-20100110/bin/../lib/gcc/avr/4.3.3/avr5\libgcc.a(_usi_to_sf.o)
                                0x177 (size before relaxing)
 .debug_str     0x000002ab       0x20 c:/winavr-20100110/bin/../lib/gcc/avr/4.3.3/avr5\libgcc.a(_clzsi2.o)
                                0x111 (size before relaxing)
 .debug_str     0x000002cb       0x10 c:/winavr-20100110/bin/../lib/gcc/avr/4.3.3/avr5\libgcc.a(_pack_sf.o)
                                0x19d (size before relaxing)
 .debug_str     0x000002db        0xb c:/winavr-20100110/bin/../lib/gcc/avr/4.3.3/avr5\libgcc.a(_unpack_sf.o)
                                0x17f (size before relaxing)
 .debug_str     0x000002e6       0x10 c:/winavr-20100110/bin/../lib/gcc/avr/4.3.3/avr5\libgcc.a(_fpcmp_parts_sf.o)
                                0x163 (size before relaxing)
 .debug_str     0x00000000       0xf4 c:/winavr-20100110/bin/../lib/gcc/avr/4.3.3/avr5\libgcc.a(_clz.o)

.debug_loc      0x00000000      0x96e
 *(.debug_loc)
 .debug_loc     0x00000000       0x34 c:/winavr-20100110/bin/../lib/gcc/avr/4.3.3/avr5\libgcc.a(_fixunssfsi.o)
 .debug_loc     0x00000034      0x32a c:/winavr-20100110/bin/../lib/gcc/avr/4.3.3/avr5\libgcc.a(_addsub_sf.o)
 .debug_loc     0x0000035e      0x104 c:/winavr-20100110/bin/../lib/gcc/avr/4.3.3/avr5\libgcc.a(_mul_sf.o)
 .debug_loc     0x00000462       0xc0 c:/winavr-20100110/bin/../lib/gcc/avr/4.3.3/avr5\libgcc.a(_div_sf.o)
 .debug_loc     0x00000522       0x3c c:/winavr-20100110/bin/../lib/gcc/avr/4.3.3/avr5\libgcc.a(_gt_sf.o)
 .debug_loc     0x0000055e       0x3c c:/winavr-20100110/bin/../lib/gcc/avr/4.3.3/avr5\libgcc.a(_ge_sf.o)
 .debug_loc     0x0000059a       0x3c c:/winavr-20100110/bin/../lib/gcc/avr/4.3.3/avr5\libgcc.a(_lt_sf.o)
 .debug_loc     0x000005d6       0x7e c:/winavr-20100110/bin/../lib/gcc/avr/4.3.3/avr5\libgcc.a(_sf_to_si.o)
 .debug_loc     0x00000654       0x4c c:/winavr-20100110/bin/../lib/gcc/avr/4.3.3/avr5\libgcc.a(_usi_to_sf.o)
 .debug_loc     0x000006a0       0x94 c:/winavr-20100110/bin/../lib/gcc/avr/4.3.3/avr5\libgcc.a(_clzsi2.o)
 .debug_loc     0x00000734      0x13e c:/winavr-20100110/bin/../lib/gcc/avr/4.3.3/avr5\libgcc.a(_pack_sf.o)
 .debug_loc     0x00000872       0xac c:/winavr-20100110/bin/../lib/gcc/avr/4.3.3/avr5\libgcc.a(_unpack_sf.o)
 .debug_loc     0x0000091e       0x50 c:/winavr-20100110/bin/../lib/gcc/avr/4.3.3/avr5\libgcc.a(_fpcmp_parts_sf.o)

.debug_macinfo
 *(.debug_macinfo)
OUTPUT(Smart_Home_Master.elf elf32-avr)
LOAD linker stubs

.debug_ranges   0x00000000       0x50
 .debug_ranges  0x00000000       0x50 c:/winavr-20100110/bin/../lib/gcc/avr/4.3.3/avr5\libgcc.a(_mul_sf.o)
